[ 33%] Building CUDA object CMakeFiles/fp16_energy_bench.dir/src/fp16_energy_bench.cu.o
ptxas info    : 0 bytes gmem
ptxas info    : Compiling entry function '_ZN49_GLOBAL__N__8ac58c41_20_fp16_energy_bench_cu_main20memory_policy_kernelILi64ELi0EEEvPKjPjmii' for 'sm_80'
ptxas info    : Function properties for _ZN49_GLOBAL__N__8ac58c41_20_fp16_energy_bench_cu_main20memory_policy_kernelILi64ELi0EEEvPKjPjmii
    0 bytes stack frame, 0 bytes spill stores, 0 bytes spill loads
ptxas info    : Used 254 registers, used 0 barriers, 384 bytes cmem[0]
ptxas info    : Compile time = 121.749 ms
ptxas info    : Compiling entry function '_ZN49_GLOBAL__N__8ac58c41_20_fp16_energy_bench_cu_main20memory_policy_kernelILi64ELi2EEEvPKjPjmii' for 'sm_80'
ptxas info    : Function properties for _ZN49_GLOBAL__N__8ac58c41_20_fp16_energy_bench_cu_main20memory_policy_kernelILi64ELi2EEEvPKjPjmii
    0 bytes stack frame, 0 bytes spill stores, 0 bytes spill loads
ptxas info    : Used 254 registers, used 0 barriers, 384 bytes cmem[0]
ptxas info    : Compile time = 119.443 ms
ptxas info    : Compiling entry function '_ZN49_GLOBAL__N__8ac58c41_20_fp16_energy_bench_cu_main20memory_policy_kernelILi64ELi1EEEvPKjPjmii' for 'sm_80'
ptxas info    : Function properties for _ZN49_GLOBAL__N__8ac58c41_20_fp16_energy_bench_cu_main20memory_policy_kernelILi64ELi1EEEvPKjPjmii
    0 bytes stack frame, 0 bytes spill stores, 0 bytes spill loads
ptxas info    : Used 254 registers, used 0 barriers, 384 bytes cmem[0]
ptxas info    : Compile time = 118.400 ms
ptxas info    : Compiling entry function '_ZN49_GLOBAL__N__8ac58c41_20_fp16_energy_bench_cu_main26tensor_baseline_f32_kernelILi64EEEvPfib' for 'sm_80'
ptxas info    : Function properties for _ZN49_GLOBAL__N__8ac58c41_20_fp16_energy_bench_cu_main26tensor_baseline_f32_kernelILi64EEEvPfib
    0 bytes stack frame, 0 bytes spill stores, 0 bytes spill loads
ptxas info    : Used 22 registers, used 0 barriers, 365 bytes cmem[0]
ptxas info    : Compile time = 1.757 ms
ptxas info    : Compiling entry function '_ZN49_GLOBAL__N__8ac58c41_20_fp16_energy_bench_cu_main24tensor_mma_f32acc_kernelILi64EEEvPfib' for 'sm_80'
ptxas info    : Function properties for _ZN49_GLOBAL__N__8ac58c41_20_fp16_energy_bench_cu_main24tensor_mma_f32acc_kernelILi64EEEvPfib
    0 bytes stack frame, 0 bytes spill stores, 0 bytes spill loads
ptxas info    : Used 18 registers, used 0 barriers, 365 bytes cmem[0]
ptxas info    : Compile time = 10.975 ms
ptxas info    : Compiling entry function '_ZN49_GLOBAL__N__8ac58c41_20_fp16_energy_bench_cu_main26tensor_baseline_u32_kernelILi64EEEvPjib' for 'sm_80'
ptxas info    : Function properties for _ZN49_GLOBAL__N__8ac58c41_20_fp16_energy_bench_cu_main26tensor_baseline_u32_kernelILi64EEEvPjib
    0 bytes stack frame, 0 bytes spill stores, 0 bytes spill loads
ptxas info    : Used 13 registers, used 0 barriers, 365 bytes cmem[0]
ptxas info    : Compile time = 4.621 ms
ptxas info    : Compiling entry function '_ZN49_GLOBAL__N__8ac58c41_20_fp16_energy_bench_cu_main26tensor_baseline_mov_kernelILi64EEEvPjib' for 'sm_80'
ptxas info    : Function properties for _ZN49_GLOBAL__N__8ac58c41_20_fp16_energy_bench_cu_main26tensor_baseline_mov_kernelILi64EEEvPjib
    0 bytes stack frame, 0 bytes spill stores, 0 bytes spill loads
ptxas info    : Used 14 registers, used 0 barriers, 365 bytes cmem[0]
ptxas info    : Compile time = 3.588 ms
ptxas info    : Compiling entry function '_ZN49_GLOBAL__N__8ac58c41_20_fp16_energy_bench_cu_main37tensor_baseline_f16acc_operand_kernelILi64ELi2EEEvPjib' for 'sm_80'
ptxas info    : Function properties for _ZN49_GLOBAL__N__8ac58c41_20_fp16_energy_bench_cu_main37tensor_baseline_f16acc_operand_kernelILi64ELi2EEEvPjib
    0 bytes stack frame, 0 bytes spill stores, 0 bytes spill loads
ptxas info    : Used 14 registers, used 0 barriers, 365 bytes cmem[0]
ptxas info    : Compile time = 3.907 ms
ptxas info    : Compiling entry function '_ZN49_GLOBAL__N__8ac58c41_20_fp16_energy_bench_cu_main37tensor_baseline_f16acc_operand_kernelILi64ELi1EEEvPjib' for 'sm_80'
ptxas info    : Function properties for _ZN49_GLOBAL__N__8ac58c41_20_fp16_energy_bench_cu_main37tensor_baseline_f16acc_operand_kernelILi64ELi1EEEvPjib
    0 bytes stack frame, 0 bytes spill stores, 0 bytes spill loads
ptxas info    : Used 14 registers, used 0 barriers, 365 bytes cmem[0]
ptxas info    : Compile time = 3.882 ms
ptxas info    : Compiling entry function '_ZN49_GLOBAL__N__8ac58c41_20_fp16_energy_bench_cu_main37tensor_baseline_f16acc_operand_kernelILi64ELi0EEEvPjib' for 'sm_80'
ptxas info    : Function properties for _ZN49_GLOBAL__N__8ac58c41_20_fp16_energy_bench_cu_main37tensor_baseline_f16acc_operand_kernelILi64ELi0EEEvPjib
    0 bytes stack frame, 0 bytes spill stores, 0 bytes spill loads
ptxas info    : Used 14 registers, used 0 barriers, 365 bytes cmem[0]
ptxas info    : Compile time = 3.685 ms
ptxas info    : Compiling entry function '_ZN49_GLOBAL__N__8ac58c41_20_fp16_energy_bench_cu_main32tensor_mma_f16acc_operand_kernelILi64ELi2EEEvPjib' for 'sm_80'
ptxas info    : Function properties for _ZN49_GLOBAL__N__8ac58c41_20_fp16_energy_bench_cu_main32tensor_mma_f16acc_operand_kernelILi64ELi2EEEvPjib
    0 bytes stack frame, 0 bytes spill stores, 0 bytes spill loads
ptxas info    : Used 18 registers, used 0 barriers, 365 bytes cmem[0]
ptxas info    : Compile time = 9.479 ms
ptxas info    : Compiling entry function '_ZN49_GLOBAL__N__8ac58c41_20_fp16_energy_bench_cu_main32tensor_mma_f16acc_operand_kernelILi64ELi1EEEvPjib' for 'sm_80'
ptxas info    : Function properties for _ZN49_GLOBAL__N__8ac58c41_20_fp16_energy_bench_cu_main32tensor_mma_f16acc_operand_kernelILi64ELi1EEEvPjib
    0 bytes stack frame, 0 bytes spill stores, 0 bytes spill loads
ptxas info    : Used 18 registers, used 0 barriers, 365 bytes cmem[0]
ptxas info    : Compile time = 8.534 ms
ptxas info    : Compiling entry function '_ZN49_GLOBAL__N__8ac58c41_20_fp16_energy_bench_cu_main24tensor_mma_f16acc_kernelILi64EEEvPjib' for 'sm_80'
ptxas info    : Function properties for _ZN49_GLOBAL__N__8ac58c41_20_fp16_energy_bench_cu_main24tensor_mma_f16acc_kernelILi64EEEvPjib
    0 bytes stack frame, 0 bytes spill stores, 0 bytes spill loads
ptxas info    : Used 14 registers, used 0 barriers, 365 bytes cmem[0]
ptxas info    : Compile time = 8.303 ms
ptxas info    : Compiling entry function '_ZN49_GLOBAL__N__8ac58c41_20_fp16_energy_bench_cu_main23baseline_regmove_kernelILi64EEEvPK7__half2PS1_i' for 'sm_80'
ptxas info    : Function properties for _ZN49_GLOBAL__N__8ac58c41_20_fp16_energy_bench_cu_main23baseline_regmove_kernelILi64EEEvPK7__half2PS1_i
    0 bytes stack frame, 0 bytes spill stores, 0 bytes spill loads
ptxas info    : Used 17 registers, used 0 barriers, 372 bytes cmem[0]
ptxas info    : Compile time = 7.899 ms
ptxas info    : Compiling entry function '_ZN49_GLOBAL__N__8ac58c41_20_fp16_energy_bench_cu_main19baseline_nop_kernelILi64EEEvPK7__half2PS1_ib' for 'sm_80'
ptxas info    : Function properties for _ZN49_GLOBAL__N__8ac58c41_20_fp16_energy_bench_cu_main19baseline_nop_kernelILi64EEEvPK7__half2PS1_ib
    0 bytes stack frame, 0 bytes spill stores, 0 bytes spill loads
ptxas info    : Used 8 registers, used 0 barriers, 373 bytes cmem[0]
ptxas info    : Compile time = 1.527 ms
ptxas info    : Compiling entry function '_ZN49_GLOBAL__N__8ac58c41_20_fp16_energy_bench_cu_main17fp16_half2_kernelILi64EEEvPK7__half2PS1_i' for 'sm_80'
ptxas info    : Function properties for _ZN49_GLOBAL__N__8ac58c41_20_fp16_energy_bench_cu_main17fp16_half2_kernelILi64EEEvPK7__half2PS1_i
    0 bytes stack frame, 0 bytes spill stores, 0 bytes spill loads
ptxas info    : Used 13 registers, used 0 barriers, 372 bytes cmem[0]
ptxas info    : Compile time = 10.496 ms
ptxas info    : Compiling entry function '_ZN49_GLOBAL__N__8ac58c41_20_fp16_energy_bench_cu_main20memory_policy_kernelILi32ELi0EEEvPKjPjmii' for 'sm_80'
ptxas info    : Function properties for _ZN49_GLOBAL__N__8ac58c41_20_fp16_energy_bench_cu_main20memory_policy_kernelILi32ELi0EEEvPKjPjmii
    0 bytes stack frame, 0 bytes spill stores, 0 bytes spill loads
ptxas info    : Used 128 registers, used 0 barriers, 384 bytes cmem[0]
ptxas info    : Compile time = 50.622 ms
ptxas info    : Compiling entry function '_ZN49_GLOBAL__N__8ac58c41_20_fp16_energy_bench_cu_main20memory_policy_kernelILi32ELi2EEEvPKjPjmii' for 'sm_80'
ptxas info    : Function properties for _ZN49_GLOBAL__N__8ac58c41_20_fp16_energy_bench_cu_main20memory_policy_kernelILi32ELi2EEEvPKjPjmii
    0 bytes stack frame, 0 bytes spill stores, 0 bytes spill loads
ptxas info    : Used 128 registers, used 0 barriers, 384 bytes cmem[0]
ptxas info    : Compile time = 55.780 ms
ptxas info    : Compiling entry function '_ZN49_GLOBAL__N__8ac58c41_20_fp16_energy_bench_cu_main20memory_policy_kernelILi32ELi1EEEvPKjPjmii' for 'sm_80'
ptxas info    : Function properties for _ZN49_GLOBAL__N__8ac58c41_20_fp16_energy_bench_cu_main20memory_policy_kernelILi32ELi1EEEvPKjPjmii
    0 bytes stack frame, 0 bytes spill stores, 0 bytes spill loads
ptxas info    : Used 128 registers, used 0 barriers, 384 bytes cmem[0]
ptxas info    : Compile time = 48.736 ms
ptxas info    : Compiling entry function '_ZN49_GLOBAL__N__8ac58c41_20_fp16_energy_bench_cu_main26tensor_baseline_f32_kernelILi32EEEvPfib' for 'sm_80'
ptxas info    : Function properties for _ZN49_GLOBAL__N__8ac58c41_20_fp16_energy_bench_cu_main26tensor_baseline_f32_kernelILi32EEEvPfib
    0 bytes stack frame, 0 bytes spill stores, 0 bytes spill loads
ptxas info    : Used 22 registers, used 0 barriers, 365 bytes cmem[0]
ptxas info    : Compile time = 1.528 ms
ptxas info    : Compiling entry function '_ZN49_GLOBAL__N__8ac58c41_20_fp16_energy_bench_cu_main24tensor_mma_f32acc_kernelILi32EEEvPfib' for 'sm_80'
ptxas info    : Function properties for _ZN49_GLOBAL__N__8ac58c41_20_fp16_energy_bench_cu_main24tensor_mma_f32acc_kernelILi32EEEvPfib
    0 bytes stack frame, 0 bytes spill stores, 0 bytes spill loads
ptxas info    : Used 18 registers, used 0 barriers, 365 bytes cmem[0]
ptxas info    : Compile time = 5.789 ms
ptxas info    : Compiling entry function '_ZN49_GLOBAL__N__8ac58c41_20_fp16_energy_bench_cu_main26tensor_baseline_u32_kernelILi32EEEvPjib' for 'sm_80'
ptxas info    : Function properties for _ZN49_GLOBAL__N__8ac58c41_20_fp16_energy_bench_cu_main26tensor_baseline_u32_kernelILi32EEEvPjib
    0 bytes stack frame, 0 bytes spill stores, 0 bytes spill loads
ptxas info    : Used 13 registers, used 0 barriers, 365 bytes cmem[0]
ptxas info    : Compile time = 2.885 ms
ptxas info    : Compiling entry function '_ZN49_GLOBAL__N__8ac58c41_20_fp16_energy_bench_cu_main26tensor_baseline_mov_kernelILi32EEEvPjib' for 'sm_80'
ptxas info    : Function properties for _ZN49_GLOBAL__N__8ac58c41_20_fp16_energy_bench_cu_main26tensor_baseline_mov_kernelILi32EEEvPjib
    0 bytes stack frame, 0 bytes spill stores, 0 bytes spill loads
ptxas info    : Used 14 registers, used 0 barriers, 365 bytes cmem[0]
ptxas info    : Compile time = 2.378 ms
ptxas info    : Compiling entry function '_ZN49_GLOBAL__N__8ac58c41_20_fp16_energy_bench_cu_main37tensor_baseline_f16acc_operand_kernelILi32ELi2EEEvPjib' for 'sm_80'
ptxas info    : Function properties for _ZN49_GLOBAL__N__8ac58c41_20_fp16_energy_bench_cu_main37tensor_baseline_f16acc_operand_kernelILi32ELi2EEEvPjib
    0 bytes stack frame, 0 bytes spill stores, 0 bytes spill loads
ptxas info    : Used 14 registers, used 0 barriers, 365 bytes cmem[0]
ptxas info    : Compile time = 2.660 ms
ptxas info    : Compiling entry function '_ZN49_GLOBAL__N__8ac58c41_20_fp16_energy_bench_cu_main37tensor_baseline_f16acc_operand_kernelILi32ELi1EEEvPjib' for 'sm_80'
ptxas info    : Function properties for _ZN49_GLOBAL__N__8ac58c41_20_fp16_energy_bench_cu_main37tensor_baseline_f16acc_operand_kernelILi32ELi1EEEvPjib
    0 bytes stack frame, 0 bytes spill stores, 0 bytes spill loads
ptxas info    : Used 14 registers, used 0 barriers, 365 bytes cmem[0]
ptxas info    : Compile time = 2.651 ms
ptxas info    : Compiling entry function '_ZN49_GLOBAL__N__8ac58c41_20_fp16_energy_bench_cu_main37tensor_baseline_f16acc_operand_kernelILi32ELi0EEEvPjib' for 'sm_80'
ptxas info    : Function properties for _ZN49_GLOBAL__N__8ac58c41_20_fp16_energy_bench_cu_main37tensor_baseline_f16acc_operand_kernelILi32ELi0EEEvPjib
    0 bytes stack frame, 0 bytes spill stores, 0 bytes spill loads
ptxas info    : Used 14 registers, used 0 barriers, 365 bytes cmem[0]
ptxas info    : Compile time = 2.484 ms
ptxas info    : Compiling entry function '_ZN49_GLOBAL__N__8ac58c41_20_fp16_energy_bench_cu_main32tensor_mma_f16acc_operand_kernelILi32ELi2EEEvPjib' for 'sm_80'
ptxas info    : Function properties for _ZN49_GLOBAL__N__8ac58c41_20_fp16_energy_bench_cu_main32tensor_mma_f16acc_operand_kernelILi32ELi2EEEvPjib
    0 bytes stack frame, 0 bytes spill stores, 0 bytes spill loads
ptxas info    : Used 18 registers, used 0 barriers, 365 bytes cmem[0]
ptxas info    : Compile time = 5.469 ms
ptxas info    : Compiling entry function '_ZN49_GLOBAL__N__8ac58c41_20_fp16_energy_bench_cu_main32tensor_mma_f16acc_operand_kernelILi32ELi1EEEvPjib' for 'sm_80'
ptxas info    : Function properties for _ZN49_GLOBAL__N__8ac58c41_20_fp16_energy_bench_cu_main32tensor_mma_f16acc_operand_kernelILi32ELi1EEEvPjib
    0 bytes stack frame, 0 bytes spill stores, 0 bytes spill loads
ptxas info    : Used 18 registers, used 0 barriers, 365 bytes cmem[0]
ptxas info    : Compile time = 5.281 ms
ptxas info    : Compiling entry function '_ZN49_GLOBAL__N__8ac58c41_20_fp16_energy_bench_cu_main24tensor_mma_f16acc_kernelILi32EEEvPjib' for 'sm_80'
ptxas info    : Function properties for _ZN49_GLOBAL__N__8ac58c41_20_fp16_energy_bench_cu_main24tensor_mma_f16acc_kernelILi32EEEvPjib
    0 bytes stack frame, 0 bytes spill stores, 0 bytes spill loads
ptxas info    : Used 14 registers, used 0 barriers, 365 bytes cmem[0]
ptxas info    : Compile time = 4.607 ms
ptxas info    : Compiling entry function '_ZN49_GLOBAL__N__8ac58c41_20_fp16_energy_bench_cu_main23baseline_regmove_kernelILi32EEEvPK7__half2PS1_i' for 'sm_80'
ptxas info    : Function properties for _ZN49_GLOBAL__N__8ac58c41_20_fp16_energy_bench_cu_main23baseline_regmove_kernelILi32EEEvPK7__half2PS1_i
    0 bytes stack frame, 0 bytes spill stores, 0 bytes spill loads
ptxas info    : Used 17 registers, used 0 barriers, 372 bytes cmem[0]
ptxas info    : Compile time = 4.343 ms
ptxas info    : Compiling entry function '_ZN49_GLOBAL__N__8ac58c41_20_fp16_energy_bench_cu_main19baseline_nop_kernelILi32EEEvPK7__half2PS1_ib' for 'sm_80'
ptxas info    : Function properties for _ZN49_GLOBAL__N__8ac58c41_20_fp16_energy_bench_cu_main19baseline_nop_kernelILi32EEEvPK7__half2PS1_ib
    0 bytes stack frame, 0 bytes spill stores, 0 bytes spill loads
ptxas info    : Used 8 registers, used 0 barriers, 373 bytes cmem[0]
ptxas info    : Compile time = 1.416 ms
ptxas info    : Compiling entry function '_ZN49_GLOBAL__N__8ac58c41_20_fp16_energy_bench_cu_main17fp16_half2_kernelILi32EEEvPK7__half2PS1_i' for 'sm_80'
ptxas info    : Function properties for _ZN49_GLOBAL__N__8ac58c41_20_fp16_energy_bench_cu_main17fp16_half2_kernelILi32EEEvPK7__half2PS1_i
    0 bytes stack frame, 0 bytes spill stores, 0 bytes spill loads
ptxas info    : Used 13 registers, used 0 barriers, 372 bytes cmem[0]
ptxas info    : Compile time = 5.191 ms
ptxas info    : Compiling entry function '_ZN49_GLOBAL__N__8ac58c41_20_fp16_energy_bench_cu_main20memory_policy_kernelILi16ELi0EEEvPKjPjmii' for 'sm_80'
ptxas info    : Function properties for _ZN49_GLOBAL__N__8ac58c41_20_fp16_energy_bench_cu_main20memory_policy_kernelILi16ELi0EEEvPKjPjmii
    0 bytes stack frame, 0 bytes spill stores, 0 bytes spill loads
ptxas info    : Used 20 registers, used 0 barriers, 384 bytes cmem[0]
ptxas info    : Compile time = 22.361 ms
ptxas info    : Compiling entry function '_ZN49_GLOBAL__N__8ac58c41_20_fp16_energy_bench_cu_main20memory_policy_kernelILi16ELi2EEEvPKjPjmii' for 'sm_80'
ptxas info    : Function properties for _ZN49_GLOBAL__N__8ac58c41_20_fp16_energy_bench_cu_main20memory_policy_kernelILi16ELi2EEEvPKjPjmii
    0 bytes stack frame, 0 bytes spill stores, 0 bytes spill loads
ptxas info    : Used 20 registers, used 0 barriers, 384 bytes cmem[0]
ptxas info    : Compile time = 22.132 ms
ptxas info    : Compiling entry function '_ZN49_GLOBAL__N__8ac58c41_20_fp16_energy_bench_cu_main20memory_policy_kernelILi16ELi1EEEvPKjPjmii' for 'sm_80'
ptxas info    : Function properties for _ZN49_GLOBAL__N__8ac58c41_20_fp16_energy_bench_cu_main20memory_policy_kernelILi16ELi1EEEvPKjPjmii
    0 bytes stack frame, 0 bytes spill stores, 0 bytes spill loads
ptxas info    : Used 20 registers, used 0 barriers, 384 bytes cmem[0]
ptxas info    : Compile time = 22.226 ms
ptxas info    : Compiling entry function '_ZN49_GLOBAL__N__8ac58c41_20_fp16_energy_bench_cu_main26tensor_baseline_f32_kernelILi16EEEvPfib' for 'sm_80'
ptxas info    : Function properties for _ZN49_GLOBAL__N__8ac58c41_20_fp16_energy_bench_cu_main26tensor_baseline_f32_kernelILi16EEEvPfib
    0 bytes stack frame, 0 bytes spill stores, 0 bytes spill loads
ptxas info    : Used 22 registers, used 0 barriers, 365 bytes cmem[0]
ptxas info    : Compile time = 1.498 ms
ptxas info    : Compiling entry function '_ZN49_GLOBAL__N__8ac58c41_20_fp16_energy_bench_cu_main24tensor_mma_f32acc_kernelILi16EEEvPfib' for 'sm_80'
ptxas info    : Function properties for _ZN49_GLOBAL__N__8ac58c41_20_fp16_energy_bench_cu_main24tensor_mma_f32acc_kernelILi16EEEvPfib
    0 bytes stack frame, 0 bytes spill stores, 0 bytes spill loads
ptxas info    : Used 18 registers, used 0 barriers, 365 bytes cmem[0]
ptxas info    : Compile time = 3.721 ms
ptxas info    : Compiling entry function '_ZN49_GLOBAL__N__8ac58c41_20_fp16_energy_bench_cu_main26tensor_baseline_u32_kernelILi16EEEvPjib' for 'sm_80'
ptxas info    : Function properties for _ZN49_GLOBAL__N__8ac58c41_20_fp16_energy_bench_cu_main26tensor_baseline_u32_kernelILi16EEEvPjib
    0 bytes stack frame, 0 bytes spill stores, 0 bytes spill loads
ptxas info    : Used 13 registers, used 0 barriers, 365 bytes cmem[0]
ptxas info    : Compile time = 2.129 ms
ptxas info    : Compiling entry function '_ZN49_GLOBAL__N__8ac58c41_20_fp16_energy_bench_cu_main26tensor_baseline_mov_kernelILi16EEEvPjib' for 'sm_80'
ptxas info    : Function properties for _ZN49_GLOBAL__N__8ac58c41_20_fp16_energy_bench_cu_main26tensor_baseline_mov_kernelILi16EEEvPjib
    0 bytes stack frame, 0 bytes spill stores, 0 bytes spill loads
ptxas info    : Used 14 registers, used 0 barriers, 365 bytes cmem[0]
ptxas info    : Compile time = 1.849 ms
ptxas info    : Compiling entry function '_ZN49_GLOBAL__N__8ac58c41_20_fp16_energy_bench_cu_main37tensor_baseline_f16acc_operand_kernelILi16ELi2EEEvPjib' for 'sm_80'
ptxas info    : Function properties for _ZN49_GLOBAL__N__8ac58c41_20_fp16_energy_bench_cu_main37tensor_baseline_f16acc_operand_kernelILi16ELi2EEEvPjib
    0 bytes stack frame, 0 bytes spill stores, 0 bytes spill loads
ptxas info    : Used 14 registers, used 0 barriers, 365 bytes cmem[0]
ptxas info    : Compile time = 2.107 ms
ptxas info    : Compiling entry function '_ZN49_GLOBAL__N__8ac58c41_20_fp16_energy_bench_cu_main37tensor_baseline_f16acc_operand_kernelILi16ELi1EEEvPjib' for 'sm_80'
ptxas info    : Function properties for _ZN49_GLOBAL__N__8ac58c41_20_fp16_energy_bench_cu_main37tensor_baseline_f16acc_operand_kernelILi16ELi1EEEvPjib
    0 bytes stack frame, 0 bytes spill stores, 0 bytes spill loads
ptxas info    : Used 14 registers, used 0 barriers, 365 bytes cmem[0]
ptxas info    : Compile time = 2.098 ms
ptxas info    : Compiling entry function '_ZN49_GLOBAL__N__8ac58c41_20_fp16_energy_bench_cu_main37tensor_baseline_f16acc_operand_kernelILi16ELi0EEEvPjib' for 'sm_80'
ptxas info    : Function properties for _ZN49_GLOBAL__N__8ac58c41_20_fp16_energy_bench_cu_main37tensor_baseline_f16acc_operand_kernelILi16ELi0EEEvPjib
    0 bytes stack frame, 0 bytes spill stores, 0 bytes spill loads
ptxas info    : Used 14 registers, used 0 barriers, 365 bytes cmem[0]
ptxas info    : Compile time = 1.942 ms
ptxas info    : Compiling entry function '_ZN49_GLOBAL__N__8ac58c41_20_fp16_energy_bench_cu_main32tensor_mma_f16acc_operand_kernelILi16ELi2EEEvPjib' for 'sm_80'
ptxas info    : Function properties for _ZN49_GLOBAL__N__8ac58c41_20_fp16_energy_bench_cu_main32tensor_mma_f16acc_operand_kernelILi16ELi2EEEvPjib
    0 bytes stack frame, 0 bytes spill stores, 0 bytes spill loads
ptxas info    : Used 18 registers, used 0 barriers, 365 bytes cmem[0]
ptxas info    : Compile time = 3.958 ms
ptxas info    : Compiling entry function '_ZN49_GLOBAL__N__8ac58c41_20_fp16_energy_bench_cu_main32tensor_mma_f16acc_operand_kernelILi16ELi1EEEvPjib' for 'sm_80'
ptxas info    : Function properties for _ZN49_GLOBAL__N__8ac58c41_20_fp16_energy_bench_cu_main32tensor_mma_f16acc_operand_kernelILi16ELi1EEEvPjib
    0 bytes stack frame, 0 bytes spill stores, 0 bytes spill loads
ptxas info    : Used 18 registers, used 0 barriers, 365 bytes cmem[0]
ptxas info    : Compile time = 3.797 ms
ptxas info    : Compiling entry function '_ZN49_GLOBAL__N__8ac58c41_20_fp16_energy_bench_cu_main24tensor_mma_f16acc_kernelILi16EEEvPjib' for 'sm_80'
ptxas info    : Function properties for _ZN49_GLOBAL__N__8ac58c41_20_fp16_energy_bench_cu_main24tensor_mma_f16acc_kernelILi16EEEvPjib
    0 bytes stack frame, 0 bytes spill stores, 0 bytes spill loads
ptxas info    : Used 14 registers, used 0 barriers, 365 bytes cmem[0]
ptxas info    : Compile time = 3.066 ms
ptxas info    : Compiling entry function '_ZN49_GLOBAL__N__8ac58c41_20_fp16_energy_bench_cu_main23baseline_regmove_kernelILi16EEEvPK7__half2PS1_i' for 'sm_80'
ptxas info    : Function properties for _ZN49_GLOBAL__N__8ac58c41_20_fp16_energy_bench_cu_main23baseline_regmove_kernelILi16EEEvPK7__half2PS1_i
    0 bytes stack frame, 0 bytes spill stores, 0 bytes spill loads
ptxas info    : Used 17 registers, used 0 barriers, 372 bytes cmem[0]
ptxas info    : Compile time = 2.822 ms
ptxas info    : Compiling entry function '_ZN49_GLOBAL__N__8ac58c41_20_fp16_energy_bench_cu_main19baseline_nop_kernelILi16EEEvPK7__half2PS1_ib' for 'sm_80'
ptxas info    : Function properties for _ZN49_GLOBAL__N__8ac58c41_20_fp16_energy_bench_cu_main19baseline_nop_kernelILi16EEEvPK7__half2PS1_ib
    0 bytes stack frame, 0 bytes spill stores, 0 bytes spill loads
ptxas info    : Used 8 registers, used 0 barriers, 373 bytes cmem[0]
ptxas info    : Compile time = 1.381 ms
ptxas info    : Compiling entry function '_ZN49_GLOBAL__N__8ac58c41_20_fp16_energy_bench_cu_main17fp16_half2_kernelILi16EEEvPK7__half2PS1_i' for 'sm_80'
ptxas info    : Function properties for _ZN49_GLOBAL__N__8ac58c41_20_fp16_energy_bench_cu_main17fp16_half2_kernelILi16EEEvPK7__half2PS1_i
    0 bytes stack frame, 0 bytes spill stores, 0 bytes spill loads
ptxas info    : Used 13 registers, used 0 barriers, 372 bytes cmem[0]
ptxas info    : Compile time = 3.280 ms
ptxas info    : Compiling entry function '_ZN49_GLOBAL__N__8ac58c41_20_fp16_energy_bench_cu_main20memory_policy_kernelILi8ELi0EEEvPKjPjmii' for 'sm_80'
ptxas info    : Function properties for _ZN49_GLOBAL__N__8ac58c41_20_fp16_energy_bench_cu_main20memory_policy_kernelILi8ELi0EEEvPKjPjmii
    0 bytes stack frame, 0 bytes spill stores, 0 bytes spill loads
ptxas info    : Used 22 registers, used 0 barriers, 384 bytes cmem[0]
ptxas info    : Compile time = 12.113 ms
ptxas info    : Compiling entry function '_ZN49_GLOBAL__N__8ac58c41_20_fp16_energy_bench_cu_main20memory_policy_kernelILi8ELi2EEEvPKjPjmii' for 'sm_80'
ptxas info    : Function properties for _ZN49_GLOBAL__N__8ac58c41_20_fp16_energy_bench_cu_main20memory_policy_kernelILi8ELi2EEEvPKjPjmii
    0 bytes stack frame, 0 bytes spill stores, 0 bytes spill loads
ptxas info    : Used 22 registers, used 0 barriers, 384 bytes cmem[0]
ptxas info    : Compile time = 12.196 ms
ptxas info    : Compiling entry function '_ZN49_GLOBAL__N__8ac58c41_20_fp16_energy_bench_cu_main20memory_policy_kernelILi8ELi1EEEvPKjPjmii' for 'sm_80'
ptxas info    : Function properties for _ZN49_GLOBAL__N__8ac58c41_20_fp16_energy_bench_cu_main20memory_policy_kernelILi8ELi1EEEvPKjPjmii
    0 bytes stack frame, 0 bytes spill stores, 0 bytes spill loads
ptxas info    : Used 22 registers, used 0 barriers, 384 bytes cmem[0]
ptxas info    : Compile time = 12.021 ms
ptxas info    : Compiling entry function '_ZN49_GLOBAL__N__8ac58c41_20_fp16_energy_bench_cu_main26tensor_baseline_f32_kernelILi8EEEvPfib' for 'sm_80'
ptxas info    : Function properties for _ZN49_GLOBAL__N__8ac58c41_20_fp16_energy_bench_cu_main26tensor_baseline_f32_kernelILi8EEEvPfib
    0 bytes stack frame, 0 bytes spill stores, 0 bytes spill loads
ptxas info    : Used 22 registers, used 0 barriers, 365 bytes cmem[0]
ptxas info    : Compile time = 1.471 ms
ptxas info    : Compiling entry function '_ZN49_GLOBAL__N__8ac58c41_20_fp16_energy_bench_cu_main24tensor_mma_f32acc_kernelILi8EEEvPfib' for 'sm_80'
ptxas info    : Function properties for _ZN49_GLOBAL__N__8ac58c41_20_fp16_energy_bench_cu_main24tensor_mma_f32acc_kernelILi8EEEvPfib
    0 bytes stack frame, 0 bytes spill stores, 0 bytes spill loads
ptxas info    : Used 18 registers, used 0 barriers, 365 bytes cmem[0]
ptxas info    : Compile time = 2.708 ms
ptxas info    : Compiling entry function '_ZN49_GLOBAL__N__8ac58c41_20_fp16_energy_bench_cu_main26tensor_baseline_u32_kernelILi8EEEvPjib' for 'sm_80'
ptxas info    : Function properties for _ZN49_GLOBAL__N__8ac58c41_20_fp16_energy_bench_cu_main26tensor_baseline_u32_kernelILi8EEEvPjib
    0 bytes stack frame, 0 bytes spill stores, 0 bytes spill loads
ptxas info    : Used 13 registers, used 0 barriers, 365 bytes cmem[0]
ptxas info    : Compile time = 1.711 ms
ptxas info    : Compiling entry function '_ZN49_GLOBAL__N__8ac58c41_20_fp16_energy_bench_cu_main26tensor_baseline_mov_kernelILi8EEEvPjib' for 'sm_80'
ptxas info    : Function properties for _ZN49_GLOBAL__N__8ac58c41_20_fp16_energy_bench_cu_main26tensor_baseline_mov_kernelILi8EEEvPjib
    0 bytes stack frame, 0 bytes spill stores, 0 bytes spill loads
ptxas info    : Used 14 registers, used 0 barriers, 365 bytes cmem[0]
ptxas info    : Compile time = 1.582 ms
ptxas info    : Compiling entry function '_ZN49_GLOBAL__N__8ac58c41_20_fp16_energy_bench_cu_main37tensor_baseline_f16acc_operand_kernelILi8ELi2EEEvPjib' for 'sm_80'
ptxas info    : Function properties for _ZN49_GLOBAL__N__8ac58c41_20_fp16_energy_bench_cu_main37tensor_baseline_f16acc_operand_kernelILi8ELi2EEEvPjib
    0 bytes stack frame, 0 bytes spill stores, 0 bytes spill loads
ptxas info    : Used 14 registers, used 0 barriers, 365 bytes cmem[0]
ptxas info    : Compile time = 1.841 ms
ptxas info    : Compiling entry function '_ZN49_GLOBAL__N__8ac58c41_20_fp16_energy_bench_cu_main37tensor_baseline_f16acc_operand_kernelILi8ELi1EEEvPjib' for 'sm_80'
ptxas info    : Function properties for _ZN49_GLOBAL__N__8ac58c41_20_fp16_energy_bench_cu_main37tensor_baseline_f16acc_operand_kernelILi8ELi1EEEvPjib
    0 bytes stack frame, 0 bytes spill stores, 0 bytes spill loads
ptxas info    : Used 14 registers, used 0 barriers, 365 bytes cmem[0]
ptxas info    : Compile time = 1.811 ms
ptxas info    : Compiling entry function '_ZN49_GLOBAL__N__8ac58c41_20_fp16_energy_bench_cu_main37tensor_baseline_f16acc_operand_kernelILi8ELi0EEEvPjib' for 'sm_80'
ptxas info    : Function properties for _ZN49_GLOBAL__N__8ac58c41_20_fp16_energy_bench_cu_main37tensor_baseline_f16acc_operand_kernelILi8ELi0EEEvPjib
    0 bytes stack frame, 0 bytes spill stores, 0 bytes spill loads
ptxas info    : Used 14 registers, used 0 barriers, 365 bytes cmem[0]
ptxas info    : Compile time = 1.671 ms
ptxas info    : Compiling entry function '_ZN49_GLOBAL__N__8ac58c41_20_fp16_energy_bench_cu_main32tensor_mma_f16acc_operand_kernelILi8ELi2EEEvPjib' for 'sm_80'
ptxas info    : Function properties for _ZN49_GLOBAL__N__8ac58c41_20_fp16_energy_bench_cu_main32tensor_mma_f16acc_operand_kernelILi8ELi2EEEvPjib
    0 bytes stack frame, 0 bytes spill stores, 0 bytes spill loads
ptxas info    : Used 19 registers, used 0 barriers, 365 bytes cmem[0]
ptxas info    : Compile time = 3.137 ms
ptxas info    : Compiling entry function '_ZN49_GLOBAL__N__8ac58c41_20_fp16_energy_bench_cu_main32tensor_mma_f16acc_operand_kernelILi8ELi1EEEvPjib' for 'sm_80'
ptxas info    : Function properties for _ZN49_GLOBAL__N__8ac58c41_20_fp16_energy_bench_cu_main32tensor_mma_f16acc_operand_kernelILi8ELi1EEEvPjib
    0 bytes stack frame, 0 bytes spill stores, 0 bytes spill loads
ptxas info    : Used 18 registers, used 0 barriers, 365 bytes cmem[0]
ptxas info    : Compile time = 3.061 ms
ptxas info    : Compiling entry function '_ZN49_GLOBAL__N__8ac58c41_20_fp16_energy_bench_cu_main24tensor_mma_f16acc_kernelILi8EEEvPjib' for 'sm_80'
ptxas info    : Function properties for _ZN49_GLOBAL__N__8ac58c41_20_fp16_energy_bench_cu_main24tensor_mma_f16acc_kernelILi8EEEvPjib
    0 bytes stack frame, 0 bytes spill stores, 0 bytes spill loads
ptxas info    : Used 14 registers, used 0 barriers, 365 bytes cmem[0]
ptxas info    : Compile time = 2.299 ms
ptxas info    : Compiling entry function '_ZN49_GLOBAL__N__8ac58c41_20_fp16_energy_bench_cu_main23baseline_regmove_kernelILi8EEEvPK7__half2PS1_i' for 'sm_80'
ptxas info    : Function properties for _ZN49_GLOBAL__N__8ac58c41_20_fp16_energy_bench_cu_main23baseline_regmove_kernelILi8EEEvPK7__half2PS1_i
    0 bytes stack frame, 0 bytes spill stores, 0 bytes spill loads
ptxas info    : Used 17 registers, used 0 barriers, 372 bytes cmem[0]
ptxas info    : Compile time = 2.035 ms
ptxas info    : Compiling entry function '_ZN49_GLOBAL__N__8ac58c41_20_fp16_energy_bench_cu_main19baseline_nop_kernelILi8EEEvPK7__half2PS1_ib' for 'sm_80'
ptxas info    : Function properties for _ZN49_GLOBAL__N__8ac58c41_20_fp16_energy_bench_cu_main19baseline_nop_kernelILi8EEEvPK7__half2PS1_ib
    0 bytes stack frame, 0 bytes spill stores, 0 bytes spill loads
ptxas info    : Used 8 registers, used 0 barriers, 373 bytes cmem[0]
ptxas info    : Compile time = 1.378 ms
ptxas info    : Compiling entry function '_ZN49_GLOBAL__N__8ac58c41_20_fp16_energy_bench_cu_main17fp16_half2_kernelILi8EEEvPK7__half2PS1_i' for 'sm_80'
ptxas info    : Function properties for _ZN49_GLOBAL__N__8ac58c41_20_fp16_energy_bench_cu_main17fp16_half2_kernelILi8EEEvPK7__half2PS1_i
    0 bytes stack frame, 0 bytes spill stores, 0 bytes spill loads
ptxas info    : Used 13 registers, used 0 barriers, 372 bytes cmem[0]
ptxas info    : Compile time = 2.372 ms
ptxas info    : Compiling entry function '_ZN49_GLOBAL__N__8ac58c41_20_fp16_energy_bench_cu_main20memory_policy_kernelILi4ELi0EEEvPKjPjmii' for 'sm_80'
ptxas info    : Function properties for _ZN49_GLOBAL__N__8ac58c41_20_fp16_energy_bench_cu_main20memory_policy_kernelILi4ELi0EEEvPKjPjmii
    0 bytes stack frame, 0 bytes spill stores, 0 bytes spill loads
ptxas info    : Used 29 registers, used 0 barriers, 384 bytes cmem[0]
ptxas info    : Compile time = 7.873 ms
ptxas info    : Compiling entry function '_ZN49_GLOBAL__N__8ac58c41_20_fp16_energy_bench_cu_main20memory_policy_kernelILi4ELi2EEEvPKjPjmii' for 'sm_80'
ptxas info    : Function properties for _ZN49_GLOBAL__N__8ac58c41_20_fp16_energy_bench_cu_main20memory_policy_kernelILi4ELi2EEEvPKjPjmii
    0 bytes stack frame, 0 bytes spill stores, 0 bytes spill loads
ptxas info    : Used 29 registers, used 0 barriers, 384 bytes cmem[0]
ptxas info    : Compile time = 7.795 ms
ptxas info    : Compiling entry function '_ZN49_GLOBAL__N__8ac58c41_20_fp16_energy_bench_cu_main20memory_policy_kernelILi4ELi1EEEvPKjPjmii' for 'sm_80'
ptxas info    : Function properties for _ZN49_GLOBAL__N__8ac58c41_20_fp16_energy_bench_cu_main20memory_policy_kernelILi4ELi1EEEvPKjPjmii
    0 bytes stack frame, 0 bytes spill stores, 0 bytes spill loads
ptxas info    : Used 29 registers, used 0 barriers, 384 bytes cmem[0]
ptxas info    : Compile time = 7.868 ms
ptxas info    : Compiling entry function '_ZN49_GLOBAL__N__8ac58c41_20_fp16_energy_bench_cu_main26tensor_baseline_f32_kernelILi4EEEvPfib' for 'sm_80'
ptxas info    : Function properties for _ZN49_GLOBAL__N__8ac58c41_20_fp16_energy_bench_cu_main26tensor_baseline_f32_kernelILi4EEEvPfib
    0 bytes stack frame, 0 bytes spill stores, 0 bytes spill loads
ptxas info    : Used 22 registers, used 0 barriers, 365 bytes cmem[0]
ptxas info    : Compile time = 1.505 ms
ptxas info    : Compiling entry function '_ZN49_GLOBAL__N__8ac58c41_20_fp16_energy_bench_cu_main24tensor_mma_f32acc_kernelILi4EEEvPfib' for 'sm_80'
ptxas info    : Function properties for _ZN49_GLOBAL__N__8ac58c41_20_fp16_energy_bench_cu_main24tensor_mma_f32acc_kernelILi4EEEvPfib
    0 bytes stack frame, 0 bytes spill stores, 0 bytes spill loads
ptxas info    : Used 18 registers, used 0 barriers, 365 bytes cmem[0]
ptxas info    : Compile time = 2.311 ms
ptxas info    : Compiling entry function '_ZN49_GLOBAL__N__8ac58c41_20_fp16_energy_bench_cu_main26tensor_baseline_u32_kernelILi4EEEvPjib' for 'sm_80'
ptxas info    : Function properties for _ZN49_GLOBAL__N__8ac58c41_20_fp16_energy_bench_cu_main26tensor_baseline_u32_kernelILi4EEEvPjib
    0 bytes stack frame, 0 bytes spill stores, 0 bytes spill loads
ptxas info    : Used 14 registers, used 0 barriers, 365 bytes cmem[0]
ptxas info    : Compile time = 1.500 ms
ptxas info    : Compiling entry function '_ZN49_GLOBAL__N__8ac58c41_20_fp16_energy_bench_cu_main26tensor_baseline_mov_kernelILi4EEEvPjib' for 'sm_80'
ptxas info    : Function properties for _ZN49_GLOBAL__N__8ac58c41_20_fp16_energy_bench_cu_main26tensor_baseline_mov_kernelILi4EEEvPjib
    0 bytes stack frame, 0 bytes spill stores, 0 bytes spill loads
ptxas info    : Used 14 registers, used 0 barriers, 365 bytes cmem[0]
ptxas info    : Compile time = 1.486 ms
ptxas info    : Compiling entry function '_ZN49_GLOBAL__N__8ac58c41_20_fp16_energy_bench_cu_main37tensor_baseline_f16acc_operand_kernelILi4ELi2EEEvPjib' for 'sm_80'
ptxas info    : Function properties for _ZN49_GLOBAL__N__8ac58c41_20_fp16_energy_bench_cu_main37tensor_baseline_f16acc_operand_kernelILi4ELi2EEEvPjib
    0 bytes stack frame, 0 bytes spill stores, 0 bytes spill loads
ptxas info    : Used 14 registers, used 0 barriers, 365 bytes cmem[0]
ptxas info    : Compile time = 1.723 ms
ptxas info    : Compiling entry function '_ZN49_GLOBAL__N__8ac58c41_20_fp16_energy_bench_cu_main37tensor_baseline_f16acc_operand_kernelILi4ELi1EEEvPjib' for 'sm_80'
ptxas info    : Function properties for _ZN49_GLOBAL__N__8ac58c41_20_fp16_energy_bench_cu_main37tensor_baseline_f16acc_operand_kernelILi4ELi1EEEvPjib
    0 bytes stack frame, 0 bytes spill stores, 0 bytes spill loads
ptxas info    : Used 14 registers, used 0 barriers, 365 bytes cmem[0]
ptxas info    : Compile time = 1.709 ms
ptxas info    : Compiling entry function '_ZN49_GLOBAL__N__8ac58c41_20_fp16_energy_bench_cu_main37tensor_baseline_f16acc_operand_kernelILi4ELi0EEEvPjib' for 'sm_80'
ptxas info    : Function properties for _ZN49_GLOBAL__N__8ac58c41_20_fp16_energy_bench_cu_main37tensor_baseline_f16acc_operand_kernelILi4ELi0EEEvPjib
    0 bytes stack frame, 0 bytes spill stores, 0 bytes spill loads
ptxas info    : Used 14 registers, used 0 barriers, 365 bytes cmem[0]
ptxas info    : Compile time = 1.528 ms
ptxas info    : Compiling entry function '_ZN49_GLOBAL__N__8ac58c41_20_fp16_energy_bench_cu_main32tensor_mma_f16acc_operand_kernelILi4ELi2EEEvPjib' for 'sm_80'
ptxas info    : Function properties for _ZN49_GLOBAL__N__8ac58c41_20_fp16_energy_bench_cu_main32tensor_mma_f16acc_operand_kernelILi4ELi2EEEvPjib
    0 bytes stack frame, 0 bytes spill stores, 0 bytes spill loads
ptxas info    : Used 19 registers, used 0 barriers, 365 bytes cmem[0]
ptxas info    : Compile time = 2.795 ms
ptxas info    : Compiling entry function '_ZN49_GLOBAL__N__8ac58c41_20_fp16_energy_bench_cu_main32tensor_mma_f16acc_operand_kernelILi4ELi1EEEvPjib' for 'sm_80'
ptxas info    : Function properties for _ZN49_GLOBAL__N__8ac58c41_20_fp16_energy_bench_cu_main32tensor_mma_f16acc_operand_kernelILi4ELi1EEEvPjib
    0 bytes stack frame, 0 bytes spill stores, 0 bytes spill loads
ptxas info    : Used 18 registers, used 0 barriers, 365 bytes cmem[0]
ptxas info    : Compile time = 2.687 ms
ptxas info    : Compiling entry function '_ZN49_GLOBAL__N__8ac58c41_20_fp16_energy_bench_cu_main24tensor_mma_f16acc_kernelILi4EEEvPjib' for 'sm_80'
ptxas info    : Function properties for _ZN49_GLOBAL__N__8ac58c41_20_fp16_energy_bench_cu_main24tensor_mma_f16acc_kernelILi4EEEvPjib
    0 bytes stack frame, 0 bytes spill stores, 0 bytes spill loads
ptxas info    : Used 14 registers, used 0 barriers, 365 bytes cmem[0]
ptxas info    : Compile time = 1.921 ms
ptxas info    : Compiling entry function '_ZN49_GLOBAL__N__8ac58c41_20_fp16_energy_bench_cu_main23baseline_regmove_kernelILi4EEEvPK7__half2PS1_i' for 'sm_80'
ptxas info    : Function properties for _ZN49_GLOBAL__N__8ac58c41_20_fp16_energy_bench_cu_main23baseline_regmove_kernelILi4EEEvPK7__half2PS1_i
    0 bytes stack frame, 0 bytes spill stores, 0 bytes spill loads
ptxas info    : Used 16 registers, used 0 barriers, 372 bytes cmem[0]
ptxas info    : Compile time = 1.673 ms
ptxas info    : Compiling entry function '_ZN49_GLOBAL__N__8ac58c41_20_fp16_energy_bench_cu_main19baseline_nop_kernelILi4EEEvPK7__half2PS1_ib' for 'sm_80'
ptxas info    : Function properties for _ZN49_GLOBAL__N__8ac58c41_20_fp16_energy_bench_cu_main19baseline_nop_kernelILi4EEEvPK7__half2PS1_ib
    0 bytes stack frame, 0 bytes spill stores, 0 bytes spill loads
ptxas info    : Used 8 registers, used 0 barriers, 373 bytes cmem[0]
ptxas info    : Compile time = 1.369 ms
ptxas info    : Compiling entry function '_ZN49_GLOBAL__N__8ac58c41_20_fp16_energy_bench_cu_main17fp16_half2_kernelILi4EEEvPK7__half2PS1_i' for 'sm_80'
ptxas info    : Function properties for _ZN49_GLOBAL__N__8ac58c41_20_fp16_energy_bench_cu_main17fp16_half2_kernelILi4EEEvPK7__half2PS1_i
    0 bytes stack frame, 0 bytes spill stores, 0 bytes spill loads
ptxas info    : Used 12 registers, used 0 barriers, 372 bytes cmem[0]
ptxas info    : Compile time = 1.863 ms
ptxas info    : Compiling entry function '_ZN49_GLOBAL__N__8ac58c41_20_fp16_energy_bench_cu_main20memory_policy_kernelILi2ELi0EEEvPKjPjmii' for 'sm_80'
ptxas info    : Function properties for _ZN49_GLOBAL__N__8ac58c41_20_fp16_energy_bench_cu_main20memory_policy_kernelILi2ELi0EEEvPKjPjmii
    0 bytes stack frame, 0 bytes spill stores, 0 bytes spill loads
ptxas info    : Used 24 registers, used 0 barriers, 384 bytes cmem[0]
ptxas info    : Compile time = 5.695 ms
ptxas info    : Compiling entry function '_ZN49_GLOBAL__N__8ac58c41_20_fp16_energy_bench_cu_main20memory_policy_kernelILi2ELi2EEEvPKjPjmii' for 'sm_80'
ptxas info    : Function properties for _ZN49_GLOBAL__N__8ac58c41_20_fp16_energy_bench_cu_main20memory_policy_kernelILi2ELi2EEEvPKjPjmii
    0 bytes stack frame, 0 bytes spill stores, 0 bytes spill loads
ptxas info    : Used 24 registers, used 0 barriers, 384 bytes cmem[0]
ptxas info    : Compile time = 5.621 ms
ptxas info    : Compiling entry function '_ZN49_GLOBAL__N__8ac58c41_20_fp16_energy_bench_cu_main20memory_policy_kernelILi2ELi1EEEvPKjPjmii' for 'sm_80'
ptxas info    : Function properties for _ZN49_GLOBAL__N__8ac58c41_20_fp16_energy_bench_cu_main20memory_policy_kernelILi2ELi1EEEvPKjPjmii
    0 bytes stack frame, 0 bytes spill stores, 0 bytes spill loads
ptxas info    : Used 24 registers, used 0 barriers, 384 bytes cmem[0]
ptxas info    : Compile time = 5.652 ms
ptxas info    : Compiling entry function '_ZN49_GLOBAL__N__8ac58c41_20_fp16_energy_bench_cu_main26tensor_baseline_f32_kernelILi2EEEvPfib' for 'sm_80'
ptxas info    : Function properties for _ZN49_GLOBAL__N__8ac58c41_20_fp16_energy_bench_cu_main26tensor_baseline_f32_kernelILi2EEEvPfib
    0 bytes stack frame, 0 bytes spill stores, 0 bytes spill loads
ptxas info    : Used 22 registers, used 0 barriers, 365 bytes cmem[0]
ptxas info    : Compile time = 1.444 ms
ptxas info    : Compiling entry function '_ZN49_GLOBAL__N__8ac58c41_20_fp16_energy_bench_cu_main24tensor_mma_f32acc_kernelILi2EEEvPfib' for 'sm_80'
ptxas info    : Function properties for _ZN49_GLOBAL__N__8ac58c41_20_fp16_energy_bench_cu_main24tensor_mma_f32acc_kernelILi2EEEvPfib
    0 bytes stack frame, 0 bytes spill stores, 0 bytes spill loads
ptxas info    : Used 18 registers, used 0 barriers, 365 bytes cmem[0]
ptxas info    : Compile time = 1.926 ms
ptxas info    : Compiling entry function '_ZN49_GLOBAL__N__8ac58c41_20_fp16_energy_bench_cu_main26tensor_baseline_u32_kernelILi2EEEvPjib' for 'sm_80'
ptxas info    : Function properties for _ZN49_GLOBAL__N__8ac58c41_20_fp16_energy_bench_cu_main26tensor_baseline_u32_kernelILi2EEEvPjib
    0 bytes stack frame, 0 bytes spill stores, 0 bytes spill loads
ptxas info    : Used 11 registers, used 0 barriers, 365 bytes cmem[0]
ptxas info    : Compile time = 1.401 ms
ptxas info    : Compiling entry function '_ZN49_GLOBAL__N__8ac58c41_20_fp16_energy_bench_cu_main26tensor_baseline_mov_kernelILi2EEEvPjib' for 'sm_80'
ptxas info    : Function properties for _ZN49_GLOBAL__N__8ac58c41_20_fp16_energy_bench_cu_main26tensor_baseline_mov_kernelILi2EEEvPjib
    0 bytes stack frame, 0 bytes spill stores, 0 bytes spill loads
ptxas info    : Used 14 registers, used 0 barriers, 365 bytes cmem[0]
ptxas info    : Compile time = 1.372 ms
ptxas info    : Compiling entry function '_ZN49_GLOBAL__N__8ac58c41_20_fp16_energy_bench_cu_main37tensor_baseline_f16acc_operand_kernelILi2ELi2EEEvPjib' for 'sm_80'
ptxas info    : Function properties for _ZN49_GLOBAL__N__8ac58c41_20_fp16_energy_bench_cu_main37tensor_baseline_f16acc_operand_kernelILi2ELi2EEEvPjib
    0 bytes stack frame, 0 bytes spill stores, 0 bytes spill loads
ptxas info    : Used 14 registers, used 0 barriers, 365 bytes cmem[0]
ptxas info    : Compile time = 1.634 ms
ptxas info    : Compiling entry function '_ZN49_GLOBAL__N__8ac58c41_20_fp16_energy_bench_cu_main37tensor_baseline_f16acc_operand_kernelILi2ELi1EEEvPjib' for 'sm_80'
ptxas info    : Function properties for _ZN49_GLOBAL__N__8ac58c41_20_fp16_energy_bench_cu_main37tensor_baseline_f16acc_operand_kernelILi2ELi1EEEvPjib
    0 bytes stack frame, 0 bytes spill stores, 0 bytes spill loads
ptxas info    : Used 14 registers, used 0 barriers, 365 bytes cmem[0]
ptxas info    : Compile time = 1.601 ms
ptxas info    : Compiling entry function '_ZN49_GLOBAL__N__8ac58c41_20_fp16_energy_bench_cu_main37tensor_baseline_f16acc_operand_kernelILi2ELi0EEEvPjib' for 'sm_80'
ptxas info    : Function properties for _ZN49_GLOBAL__N__8ac58c41_20_fp16_energy_bench_cu_main37tensor_baseline_f16acc_operand_kernelILi2ELi0EEEvPjib
    0 bytes stack frame, 0 bytes spill stores, 0 bytes spill loads
ptxas info    : Used 14 registers, used 0 barriers, 365 bytes cmem[0]
ptxas info    : Compile time = 1.457 ms
ptxas info    : Compiling entry function '_ZN49_GLOBAL__N__8ac58c41_20_fp16_energy_bench_cu_main32tensor_mma_f16acc_operand_kernelILi2ELi2EEEvPjib' for 'sm_80'
ptxas info    : Function properties for _ZN49_GLOBAL__N__8ac58c41_20_fp16_energy_bench_cu_main32tensor_mma_f16acc_operand_kernelILi2ELi2EEEvPjib
    0 bytes stack frame, 0 bytes spill stores, 0 bytes spill loads
ptxas info    : Used 19 registers, used 0 barriers, 365 bytes cmem[0]
ptxas info    : Compile time = 2.600 ms
ptxas info    : Compiling entry function '_ZN49_GLOBAL__N__8ac58c41_20_fp16_energy_bench_cu_main32tensor_mma_f16acc_operand_kernelILi2ELi1EEEvPjib' for 'sm_80'
ptxas info    : Function properties for _ZN49_GLOBAL__N__8ac58c41_20_fp16_energy_bench_cu_main32tensor_mma_f16acc_operand_kernelILi2ELi1EEEvPjib
    0 bytes stack frame, 0 bytes spill stores, 0 bytes spill loads
ptxas info    : Used 19 registers, used 0 barriers, 365 bytes cmem[0]
ptxas info    : Compile time = 2.612 ms
ptxas info    : Compiling entry function '_ZN49_GLOBAL__N__8ac58c41_20_fp16_energy_bench_cu_main24tensor_mma_f16acc_kernelILi2EEEvPjib' for 'sm_80'
ptxas info    : Function properties for _ZN49_GLOBAL__N__8ac58c41_20_fp16_energy_bench_cu_main24tensor_mma_f16acc_kernelILi2EEEvPjib
    0 bytes stack frame, 0 bytes spill stores, 0 bytes spill loads
ptxas info    : Used 14 registers, used 0 barriers, 365 bytes cmem[0]
ptxas info    : Compile time = 1.843 ms
ptxas info    : Compiling entry function '_ZN49_GLOBAL__N__8ac58c41_20_fp16_energy_bench_cu_main23baseline_regmove_kernelILi2EEEvPK7__half2PS1_i' for 'sm_80'
ptxas info    : Function properties for _ZN49_GLOBAL__N__8ac58c41_20_fp16_energy_bench_cu_main23baseline_regmove_kernelILi2EEEvPK7__half2PS1_i
    0 bytes stack frame, 0 bytes spill stores, 0 bytes spill loads
ptxas info    : Used 14 registers, used 0 barriers, 372 bytes cmem[0]
ptxas info    : Compile time = 1.476 ms
ptxas info    : Compiling entry function '_ZN49_GLOBAL__N__8ac58c41_20_fp16_energy_bench_cu_main19baseline_nop_kernelILi2EEEvPK7__half2PS1_ib' for 'sm_80'
ptxas info    : Function properties for _ZN49_GLOBAL__N__8ac58c41_20_fp16_energy_bench_cu_main19baseline_nop_kernelILi2EEEvPK7__half2PS1_ib
    0 bytes stack frame, 0 bytes spill stores, 0 bytes spill loads
ptxas info    : Used 8 registers, used 0 barriers, 373 bytes cmem[0]
ptxas info    : Compile time = 1.359 ms
ptxas info    : Compiling entry function '_ZN49_GLOBAL__N__8ac58c41_20_fp16_energy_bench_cu_main17fp16_half2_kernelILi2EEEvPK7__half2PS1_i' for 'sm_80'
ptxas info    : Function properties for _ZN49_GLOBAL__N__8ac58c41_20_fp16_energy_bench_cu_main17fp16_half2_kernelILi2EEEvPK7__half2PS1_i
    0 bytes stack frame, 0 bytes spill stores, 0 bytes spill loads
ptxas info    : Used 14 registers, used 0 barriers, 372 bytes cmem[0]
ptxas info    : Compile time = 1.699 ms
ptxas info    : Compiling entry function '_ZN49_GLOBAL__N__8ac58c41_20_fp16_energy_bench_cu_main20memory_policy_kernelILi1ELi0EEEvPKjPjmii' for 'sm_80'
ptxas info    : Function properties for _ZN49_GLOBAL__N__8ac58c41_20_fp16_energy_bench_cu_main20memory_policy_kernelILi1ELi0EEEvPKjPjmii
    0 bytes stack frame, 0 bytes spill stores, 0 bytes spill loads
ptxas info    : Used 18 registers, used 0 barriers, 384 bytes cmem[0]
ptxas info    : Compile time = 4.427 ms
ptxas info    : Compiling entry function '_ZN49_GLOBAL__N__8ac58c41_20_fp16_energy_bench_cu_main20memory_policy_kernelILi1ELi2EEEvPKjPjmii' for 'sm_80'
ptxas info    : Function properties for _ZN49_GLOBAL__N__8ac58c41_20_fp16_energy_bench_cu_main20memory_policy_kernelILi1ELi2EEEvPKjPjmii
    0 bytes stack frame, 0 bytes spill stores, 0 bytes spill loads
ptxas info    : Used 18 registers, used 0 barriers, 384 bytes cmem[0]
ptxas info    : Compile time = 4.209 ms
ptxas info    : Compiling entry function '_ZN49_GLOBAL__N__8ac58c41_20_fp16_energy_bench_cu_main20memory_policy_kernelILi1ELi1EEEvPKjPjmii' for 'sm_80'
ptxas info    : Function properties for _ZN49_GLOBAL__N__8ac58c41_20_fp16_energy_bench_cu_main20memory_policy_kernelILi1ELi1EEEvPKjPjmii
    0 bytes stack frame, 0 bytes spill stores, 0 bytes spill loads
ptxas info    : Used 18 registers, used 0 barriers, 384 bytes cmem[0]
ptxas info    : Compile time = 4.252 ms
ptxas info    : Compiling entry function '_ZN49_GLOBAL__N__8ac58c41_20_fp16_energy_bench_cu_main26tensor_baseline_f32_kernelILi1EEEvPfib' for 'sm_80'
ptxas info    : Function properties for _ZN49_GLOBAL__N__8ac58c41_20_fp16_energy_bench_cu_main26tensor_baseline_f32_kernelILi1EEEvPfib
    0 bytes stack frame, 0 bytes spill stores, 0 bytes spill loads
ptxas info    : Used 22 registers, used 0 barriers, 365 bytes cmem[0]
ptxas info    : Compile time = 1.456 ms
ptxas info    : Compiling entry function '_ZN49_GLOBAL__N__8ac58c41_20_fp16_energy_bench_cu_main24tensor_mma_f32acc_kernelILi1EEEvPfib' for 'sm_80'
ptxas info    : Function properties for _ZN49_GLOBAL__N__8ac58c41_20_fp16_energy_bench_cu_main24tensor_mma_f32acc_kernelILi1EEEvPfib
    0 bytes stack frame, 0 bytes spill stores, 0 bytes spill loads
ptxas info    : Used 18 registers, used 0 barriers, 365 bytes cmem[0]
ptxas info    : Compile time = 1.776 ms
ptxas info    : Compiling entry function '_ZN49_GLOBAL__N__8ac58c41_20_fp16_energy_bench_cu_main26tensor_baseline_u32_kernelILi1EEEvPjib' for 'sm_80'
ptxas info    : Function properties for _ZN49_GLOBAL__N__8ac58c41_20_fp16_energy_bench_cu_main26tensor_baseline_u32_kernelILi1EEEvPjib
    0 bytes stack frame, 0 bytes spill stores, 0 bytes spill loads
ptxas info    : Used 10 registers, used 0 barriers, 365 bytes cmem[0]
ptxas info    : Compile time = 1.343 ms
ptxas info    : Compiling entry function '_ZN49_GLOBAL__N__8ac58c41_20_fp16_energy_bench_cu_main26tensor_baseline_mov_kernelILi1EEEvPjib' for 'sm_80'
ptxas info    : Function properties for _ZN49_GLOBAL__N__8ac58c41_20_fp16_energy_bench_cu_main26tensor_baseline_mov_kernelILi1EEEvPjib
    0 bytes stack frame, 0 bytes spill stores, 0 bytes spill loads
ptxas info    : Used 14 registers, used 0 barriers, 365 bytes cmem[0]
ptxas info    : Compile time = 1.306 ms
ptxas info    : Compiling entry function '_ZN49_GLOBAL__N__8ac58c41_20_fp16_energy_bench_cu_main37tensor_baseline_f16acc_operand_kernelILi1ELi2EEEvPjib' for 'sm_80'
ptxas info    : Function properties for _ZN49_GLOBAL__N__8ac58c41_20_fp16_energy_bench_cu_main37tensor_baseline_f16acc_operand_kernelILi1ELi2EEEvPjib
    0 bytes stack frame, 0 bytes spill stores, 0 bytes spill loads
ptxas info    : Used 14 registers, used 0 barriers, 365 bytes cmem[0]
ptxas info    : Compile time = 1.544 ms
ptxas info    : Compiling entry function '_ZN49_GLOBAL__N__8ac58c41_20_fp16_energy_bench_cu_main37tensor_baseline_f16acc_operand_kernelILi1ELi1EEEvPjib' for 'sm_80'
ptxas info    : Function properties for _ZN49_GLOBAL__N__8ac58c41_20_fp16_energy_bench_cu_main37tensor_baseline_f16acc_operand_kernelILi1ELi1EEEvPjib
    0 bytes stack frame, 0 bytes spill stores, 0 bytes spill loads
ptxas info    : Used 14 registers, used 0 barriers, 365 bytes cmem[0]
ptxas info    : Compile time = 1.739 ms
ptxas info    : Compiling entry function '_ZN49_GLOBAL__N__8ac58c41_20_fp16_energy_bench_cu_main37tensor_baseline_f16acc_operand_kernelILi1ELi0EEEvPjib' for 'sm_80'
ptxas info    : Function properties for _ZN49_GLOBAL__N__8ac58c41_20_fp16_energy_bench_cu_main37tensor_baseline_f16acc_operand_kernelILi1ELi0EEEvPjib
    0 bytes stack frame, 0 bytes spill stores, 0 bytes spill loads
ptxas info    : Used 14 registers, used 0 barriers, 365 bytes cmem[0]
ptxas info    : Compile time = 1.395 ms
ptxas info    : Compiling entry function '_ZN49_GLOBAL__N__8ac58c41_20_fp16_energy_bench_cu_main32tensor_mma_f16acc_operand_kernelILi1ELi2EEEvPjib' for 'sm_80'
ptxas info    : Function properties for _ZN49_GLOBAL__N__8ac58c41_20_fp16_energy_bench_cu_main32tensor_mma_f16acc_operand_kernelILi1ELi2EEEvPjib
    0 bytes stack frame, 0 bytes spill stores, 0 bytes spill loads
ptxas info    : Used 19 registers, used 0 barriers, 365 bytes cmem[0]
ptxas info    : Compile time = 2.485 ms
ptxas info    : Compiling entry function '_ZN49_GLOBAL__N__8ac58c41_20_fp16_energy_bench_cu_main32tensor_mma_f16acc_operand_kernelILi1ELi1EEEvPjib' for 'sm_80'
ptxas info    : Function properties for _ZN49_GLOBAL__N__8ac58c41_20_fp16_energy_bench_cu_main32tensor_mma_f16acc_operand_kernelILi1ELi1EEEvPjib
    0 bytes stack frame, 0 bytes spill stores, 0 bytes spill loads
ptxas info    : Used 18 registers, used 0 barriers, 365 bytes cmem[0]
ptxas info    : Compile time = 2.352 ms
ptxas info    : Compiling entry function '_ZN49_GLOBAL__N__8ac58c41_20_fp16_energy_bench_cu_main24tensor_mma_f16acc_kernelILi1EEEvPjib' for 'sm_80'
ptxas info    : Function properties for _ZN49_GLOBAL__N__8ac58c41_20_fp16_energy_bench_cu_main24tensor_mma_f16acc_kernelILi1EEEvPjib
    0 bytes stack frame, 0 bytes spill stores, 0 bytes spill loads
ptxas info    : Used 14 registers, used 0 barriers, 365 bytes cmem[0]
ptxas info    : Compile time = 1.593 ms
ptxas info    : Compiling entry function '_ZN49_GLOBAL__N__8ac58c41_20_fp16_energy_bench_cu_main23baseline_regmove_kernelILi1EEEvPK7__half2PS1_i' for 'sm_80'
ptxas info    : Function properties for _ZN49_GLOBAL__N__8ac58c41_20_fp16_energy_bench_cu_main23baseline_regmove_kernelILi1EEEvPK7__half2PS1_i
    0 bytes stack frame, 0 bytes spill stores, 0 bytes spill loads
ptxas info    : Used 14 registers, used 0 barriers, 372 bytes cmem[0]
ptxas info    : Compile time = 1.388 ms
ptxas info    : Compiling entry function '_ZN49_GLOBAL__N__8ac58c41_20_fp16_energy_bench_cu_main19baseline_nop_kernelILi1EEEvPK7__half2PS1_ib' for 'sm_80'
ptxas info    : Function properties for _ZN49_GLOBAL__N__8ac58c41_20_fp16_energy_bench_cu_main19baseline_nop_kernelILi1EEEvPK7__half2PS1_ib
    0 bytes stack frame, 0 bytes spill stores, 0 bytes spill loads
ptxas info    : Used 8 registers, used 0 barriers, 373 bytes cmem[0]
ptxas info    : Compile time = 1.358 ms
ptxas info    : Compiling entry function '_ZN49_GLOBAL__N__8ac58c41_20_fp16_energy_bench_cu_main17fp16_half2_kernelILi1EEEvPK7__half2PS1_i' for 'sm_80'
ptxas info    : Function properties for _ZN49_GLOBAL__N__8ac58c41_20_fp16_energy_bench_cu_main17fp16_half2_kernelILi1EEEvPK7__half2PS1_i
    0 bytes stack frame, 0 bytes spill stores, 0 bytes spill loads
ptxas info    : Used 14 registers, used 0 barriers, 372 bytes cmem[0]
ptxas info    : Compile time = 1.560 ms
ptxas info    : Compiling entry function '_ZN49_GLOBAL__N__8ac58c41_20_fp16_energy_bench_cu_main17init_float_kernelEPfmf' for 'sm_80'
ptxas info    : Function properties for _ZN49_GLOBAL__N__8ac58c41_20_fp16_energy_bench_cu_main17init_float_kernelEPfmf
    0 bytes stack frame, 0 bytes spill stores, 0 bytes spill loads
ptxas info    : Used 14 registers, used 0 barriers, 372 bytes cmem[0]
ptxas info    : Compile time = 1.287 ms
ptxas info    : Compiling entry function '_ZN49_GLOBAL__N__8ac58c41_20_fp16_energy_bench_cu_main15init_u32_kernelEPjmj' for 'sm_80'
ptxas info    : Function properties for _ZN49_GLOBAL__N__8ac58c41_20_fp16_energy_bench_cu_main15init_u32_kernelEPjmj
    0 bytes stack frame, 0 bytes spill stores, 0 bytes spill loads
ptxas info    : Used 10 registers, used 0 barriers, 372 bytes cmem[0]
ptxas info    : Compile time = 1.216 ms
ptxas info    : Compiling entry function '_ZN49_GLOBAL__N__8ac58c41_20_fp16_energy_bench_cu_main17init_half2_kernelEP7__half2mf' for 'sm_80'
ptxas info    : Function properties for _ZN49_GLOBAL__N__8ac58c41_20_fp16_energy_bench_cu_main17init_half2_kernelEP7__half2mf
    0 bytes stack frame, 0 bytes spill stores, 0 bytes spill loads
ptxas info    : Used 12 registers, used 0 barriers, 372 bytes cmem[0]
ptxas info    : Compile time = 1.374 ms
[ 66%] Linking CUDA device code CMakeFiles/fp16_energy_bench.dir/cmake_device_link.o
[100%] Linking CUDA executable fp16_energy_bench
[100%] Built target fp16_energy_bench
