==PROF== Connected to process 15845 (/venv/main/bin/python3.10)
[info] GPU=NVIDIA H100 80GB HBM3 SMs=132 L2=50.0 MiB
[info] buffers: l2=12.50 MiB dram=1.00 GiB
[info] blocks=4224 threads=256 targets=[100] repeats=1
[info] preloaded nvrtc: /venv/main/lib/python3.10/site-packages/nvidia/cuda_nvrtc/lib/libnvrtc.so.12
[info] only-stage=dram
[warn] --only-stage is a validation/NCU mode; complete decomposition requires control_l2,l2,control_dram,dram
==ERROR== ERR_NVGPUCTRPERM - The user does not have permission to access NVIDIA GPU Performance Counters on the target device 0. For instructions on enabling permissions and to get more information see https://developer.nvidia.com/ERR_NVGPUCTRPERM
[calib] dram     0.401 ms/pass  ~2680.5 GB/s nominal
[idle] measuring pre-idle baseline for 0.1 s ...
[idle] mean=88.09 W median=90.93 W IQR=7.11 W std=3.48 W n=10 source=all_idle_samples sm_clock_range=1980..1980 MHz pstates=P0
[phase] repeat=0 stage=dram target=100% start
[phase] r00_dram_read_cs_100     BW=3245.1 GB/s Pavg=110.0 W Pdyn=21.9 W pJ/nominal-bit=0.843
/workspace/gpupower/dram_util_experiment/dram_energy_decomp_cupy.py:906: UserWarning: No artists with labels found to put in legend.  Note that artists whose label start with an underscore are ignored when legend() is called with no argument.
  ax0.legend(fontsize=8, loc="best")
/workspace/gpupower/dram_util_experiment/dram_energy_decomp_cupy.py:915: UserWarning: No artists with labels found to put in legend.  Note that artists whose label start with an underscore are ignored when legend() is called with no argument.
  ax1.legend(fontsize=8, loc="best")
[save] reports/quick_verify_20260525_084052/read_energy_decomp_nvidia_h100_80gb_hbm3_20260525_084225_quick_verify_read_ncu_dram_summary.csv
[save] reports/quick_verify_20260525_084052/read_energy_decomp_nvidia_h100_80gb_hbm3_20260525_084225_quick_verify_read_ncu_dram_aggregate.csv
[save] reports/quick_verify_20260525_084052/read_energy_decomp_nvidia_h100_80gb_hbm3_20260525_084225_quick_verify_read_ncu_dram_fits.csv
[save] reports/quick_verify_20260525_084052/read_energy_decomp_nvidia_h100_80gb_hbm3_20260525_084225_quick_verify_read_ncu_dram_decomposition.csv
[save] reports/quick_verify_20260525_084052/read_energy_decomp_nvidia_h100_80gb_hbm3_20260525_084225_quick_verify_read_ncu_dram_quality.csv
[save] reports/quick_verify_20260525_084052/read_energy_decomp_nvidia_h100_80gb_hbm3_20260525_084225_quick_verify_read_ncu_dram_trace.csv
[save] reports/quick_verify_20260525_084052/read_energy_decomp_nvidia_h100_80gb_hbm3_20260525_084225_quick_verify_read_ncu_dram_metadata.json
[save] reports/quick_verify_20260525_084052/read_energy_decomp_nvidia_h100_80gb_hbm3_20260525_084225_quick_verify_read_ncu_dram_power.png
[save] reports/quick_verify_20260525_084052/read_energy_decomp_nvidia_h100_80gb_hbm3_20260525_084225_quick_verify_read_ncu_dram_fit.png
[save] reports/quick_verify_20260525_084052/read_energy_decomp_nvidia_h100_80gb_hbm3_20260525_084225_quick_verify_read_ncu_dram_diagnostics.png
[save] reports/quick_verify_20260525_084052/read_energy_decomp_nvidia_h100_80gb_hbm3_20260525_084225_quick_verify_read_ncu_dram_method.png
[save] reports/quick_verify_20260525_084052/read_energy_decomp_nvidia_h100_80gb_hbm3_20260525_084225_quick_verify_read_ncu_dram_decomposition.png

stage         n      targets   slope W/GB/s  intercept W       R2     pJ/bit
----------------------------------------------------------------------------------

component                              pJ/bit  note
--------------------------------------------------------------------------------------------------------------
decomposition_incomplete                  n/a  Complete lower-bound decomposition requires control_l2,l2,control_dram,dram fits; missing control_l2,l2,control_dram,dram. This is expected for --only-stage / NCU validation runs.

quality warnings
--------------------------------------------------------------------------------
warn: repeat_coverage - only 1 fit repeats after warmup; median/IQR stability may be weak
warn: idle_iqr - idle power IQR 7.106 W exceeds threshold 2.000 W
warn: idle_filter - only 0 idle samples below 500 MHz; baseline fell back to all samples
warn: gpu_setup - no clock/persistence/power-limit setup requested; compare clocks in quality CSV
warn: partial_decomposition - --only-stage=dram is a validation/NCU mode; complete decomposition requires control_l2,l2,control_dram,dram
warn: l2_warm_passes - --l2-warm-passes=1; use >=4 for stronger L2 residency before l2 phases
warn: dram_buffer_size - DRAM buffer is less than 64x L2; L2 miss assumption is weaker
==PROF== Disconnected from process 15845
==WARNING== No kernels were profiled.
